                                       17,33
                                         |
                                   17,33-E-17,33
                                         |
                                   17,33-E1-17,33
                                         |
                                17,33    |   17,33 17,33
                                  |      |     |     |
                   --------------O13-----G1----O1-------------
                  /                      |                    \
                 /             P1        D      P2             \
                /               \        |     /                \
            \  /                 W1-D-G4-G2  W2                  \  /
             012                 |       |   |                    O2
             /                   T9------G3--T8--B1-----------+     \
            /                            |   |                |      \
           /        +---M9               |   |                |       \
           |        |   |                T1--B2               |    P4 |
           | P3     +---M3---M2---M1     |      K3--K4        |   /   |
           |   \    V   |    |    |      |      |   |         B6--W4  |
           |    W3-PP---M5---M4--T6--T5--T2--K1-K2--K5        |       |
        --011       ^   |    |    |  |   |      |   |         |       O3--
           |        |   |    |    |  |   |      K6--K7-D-k8   |       |
           |        +---M6---M7--M8--S1--T3         |         |       |
           |                      \  /   |          K9        |       |
           |                       S2    |          D        /        |
        --010                            T4---------H1      /         O4--
           |                             |                  |         |
           |     P6    B4----------------T7----------------B3   P5    |
           |       \  /                  |                  \  /      |
            \       W6                   B6                  W5      /
             \                                                      /
              09                                                   O5
             / \                                                  /  \
                \                                                /
                 ----------08-------------07--------------06-----
                           |              |               |
                           |              |               |
